100
-10
wwwwwwwwwwwwwwwwwwwwwwwwwwwwwwwwwwwwwwwwwwwwwwwwwwwwwwwwwwwwwwwwwwwwwwwwwwwwwwwwwwwwwwwwwwwwwwwwwwwwwwwwwwwwwwwwwwwwwwwww
w-----------------------------------------------------------------------------------------------------------------------w
s-----------------------------------------------------------------------------------------------------------------------s
sssssssssssss--------ggggggggg-------------------------------------------------------------ggggggggg--------sssssssssssss
sssssssssssss---------------------------------------------wwww----------------------------------------------sssssssssssss
sssssssssssssss-------------------w--------------------sssssssssss---------------------w------------------sssssssssssssss
ssssssssssssssss-------ggg-----------ssssssssssssssssssssssssssssssssssssssssssssssss----------ggg-------ssssssssssssssss
ss-----------wss--------------------s----------------------ww------------------------s-------------------ssw-----------ss
ss-----------wss-------------------------------------------ww--------------------------------------------ssw-----------ss
ss---------------------------------------------------------------------------------------------------------------------ss
ss--ggg------------ss----------wsssssw----------------------------------------------wsssssw---------ss------------ggg--ss
ssw----------------ss----------wsssssw----------------------------------------------wsssssw---------ss----------------wss
sssssssssssssssssssssssssssssssssssssssssssssssssssssssssssssssssssssssssssssssssssssssssssssssssssssssssssssssssssssssss