s-----------------------------------------------------------------------------------------------------------------------s
sssssssssssss-----------------------------------------------------------------------------------------------sssssssssssss
sssssssssssss---------------------------------------------ssss----------------------------------------------sssssssssssss
sssssssssssssss----------------------------------------sssssssssss----------------------------------------sssssssssssssss
ssssssssssssssss---------------------ssssssssssssssssssssssssssssssssssssssssssssssss--------------------ssssssssssssssss
ss------------ss-----------------------------------------------------------------------------------------ss------------ss
ss------------ss-----------------w------------------------------------------------------w----------------ss------------ss
ss---------------------------------------------------------------------------------------------------------------------ss
ss-----------------ss-----------ssssss----------------------------------------------ssssss----------ss-----------------ss
ss-----------------ss-----------ssssss----------------------------------------------ssssss----------ss-----------------ss
sssssssssssssssssssssssssssssssssssssssssssssssssssssssssssssssssssssssssssssssssssssssssssssssssssssssssssssssssssssssss