100
-20
wwwwwwwwwwwwwwwwwwwwwwwwwwwwwwwwwwwwwwwwwwwwwwwwwwwwwwwwwwwwwwwwwwwwwwwwwwwwwwwwwwwwwwwwwwwwwwwwwwwwwwwwwwwwwwwwwwwwwwwww
w-----------------------------------------------------------------------------------------------------------------------w
s----------------------------w--------------------------------------------------------------w---------------------------s
sssssssssssss------------------w----------------------------------------------------------w-----------------sssssssssssss
sssssssssssss--------------------w------------------------wwww--------------------------w-------------------sssssssssssss
sssssssssssssss--------------------w-------------------sssssssssss--------------------w-------------------sssssssssssssss
ssssssssssssssss---------------------ssssssssssssssssssssssssssssssssssssssssssssssss--------------------ssssssssssssssss
ss-----------wss-------------------------------------------ww--------------------------------------------ssw-----------ss
ss-----------wss-------------------------------------------ww--------------------------------------------ssw-----------ss
ss---------------------------------------------------------------------------------------------------------------------ss
ss-----------------ss----------wsssssw----------------------------------------------wsssssw---------ss-----------------ss
ssw----------------ss----------wsssssw----------------------------------------------wsssssw---------ss----------------wss
sssssssssssssssssssssssssssssssssssssssssssssssssssssssssssssssssssssssssssssssssssssssssssssssssssssssssssssssssssssssss